// Jest Snapshot v1, https://jestjs.io/docs/snapshot-testing

exports[`Admin Article Form component Snapshot 1`] = `
<div>
  <div
    class="adminArticleForm"
  >
    <form
      class="form"
      novalidate=""
    >
      <div
        class="adminArticleForm__metadata"
      >
        <label
          class="form__field"
        >
          <span
            class="input__placeholder"
          >
            slug
          </span>
          <input
            class="input"
            name="slug"
            placeholder="Введите slug"
            required=""
            type="text"
            value=""
          />
          <span
            class="input__error"
          />
        </label>
        <label
          class="form__field"
        >
          <span
            class="input__placeholder"
          >
            title
          </span>
          <input
            class="input"
            name="title"
            placeholder="Введите title"
            required=""
            type="text"
            value=""
          />
          <span
            class="input__error"
          />
        </label>
        <label
          class="form__field"
        >
          <span
            class="input__placeholder"
          >
            h1
          </span>
          <input
            class="input"
            name="h1"
            placeholder="Введите H1"
            required=""
            type="text"
            value=""
          />
          <span
            class="input__error"
          />
        </label>
        <label
          class="form__field"
        >
          <span
            class="input__placeholder"
          >
            description
          </span>
          <input
            class="input"
            name="description"
            placeholder="Введите description"
            required=""
            type="text"
            value=""
          />
          <span
            class="input__error"
          />
        </label>
        <label
          class="form__field"
        >
          <span
            class="input__placeholder"
          >
            image
          </span>
          <input
            class="input"
            name="image"
            placeholder="Введите URL изображения"
            required=""
            type="text"
            value=""
          />
          <span
            class="input__error"
          />
        </label>
        <label
          class="form__field"
        >
          <span
            class="input__placeholder"
          >
            imageAlt
          </span>
          <input
            class="input"
            name="imageAlt"
            placeholder="Введите описание изображения"
            required=""
            type="text"
            value=""
          />
          <span
            class="input__error"
          />
        </label>
        <label
          class="adminArticleForm__field"
        >
          <span
            class="adminArticleForm__placeholder"
          >
            Категория
          </span>
          <select
            class="adminArticleForm__lists"
          >
            <option
              class="adminArticleForm__list"
              value="category-1"
            >
              Frontend
            </option>
            <option
              class="adminArticleForm__list"
              value="category-2"
            >
              Backend
            </option>
          </select>
          <span
            class="adminArticleForm__errors"
          />
        </label>
        <div
          class="adminArticleForm__field"
        >
          <span
            class="adminArticleForm__placeholder"
          >
            Тэги
          </span>
          <div
            class="adminArticleForm__tags"
          >
            <label
              class="adminArticleForm__tag"
            >
              <input
                class="adminArticleForm__checkbox"
                type="checkbox"
                value="tag-1"
              />
              <span
                class="adminArticleForm__text"
              >
                React
              </span>
            </label>
            <label
              class="adminArticleForm__tag"
            >
              <input
                class="adminArticleForm__checkbox"
                type="checkbox"
                value="tag-2"
              />
              <span
                class="adminArticleForm__text"
              >
                Next.js
              </span>
            </label>
          </div>
          <span
            class="adminArticleForm__errors"
          />
        </div>
      </div>
      <textarea
        data-testid="markdown-editor"
      />
      <span
        class="adminArticleForm__errors"
      />
      <button
        class="button  default"
        type="submit"
      >
        Создать статью
      </button>
    </form>
  </div>
</div>
`;
