// Jest Snapshot v1, https://jestjs.io/docs/snapshot-testing

exports[`Admin Profile Form component Snapshot 1`] = `
<div>
  <div
    class="adminProfileForm"
  >
    <form
      class="form"
      novalidate=""
    >
      <label
        class="form__field"
      >
        <span
          class="input__placeholder"
        >
          Изменить имя:
        </span>
        <input
          class="input"
          maxlength="30"
          minlength="2"
          name="name"
          placeholder="Иван"
          type="text"
          value="Максим"
        />
        <span
          class="input__error"
        />
      </label>
      <label
        class="form__field"
      >
        <span
          class="input__placeholder"
        >
          Изменить email:
        </span>
        <input
          class="input"
          name="email"
          pattern="[a-zA-Z0-9._%+-]+@[a-zA-Z0-9.-]+\\.[a-zA-Z]{2,}$"
          placeholder="ivan@mail.ru"
          type="email"
          value="max@mail.ru"
        />
        <span
          class="input__error"
        />
      </label>
      <label
        class="form__field"
      >
        <span
          class="input__placeholder"
        >
          Ссылка на аватар:
        </span>
        <input
          class="input"
          name="avatarLink"
          placeholder="https://example.com/avatar.jpg"
          type="url"
          value="https://example.com/avatar.jpg"
        />
        <span
          class="input__error"
        />
      </label>
      <label
        class="form__field"
      >
        <span
          class="input__placeholder"
        >
          Telegram:
        </span>
        <input
          class="input"
          name="telegram"
          placeholder="https://t.me/username"
          type="url"
          value="https://t.me/max"
        />
        <span
          class="input__error"
        />
      </label>
      <label
        class="form__field"
      >
        <span
          class="input__placeholder"
        >
          VK:
        </span>
        <input
          class="input"
          name="vk"
          placeholder="https://vk.com/username"
          type="url"
          value="https://vk.com/max"
        />
        <span
          class="input__error"
        />
      </label>
      <label
        class="form__field"
      >
        <span
          class="input__placeholder"
        >
          GitHub:
        </span>
        <input
          class="input"
          name="gitHub"
          placeholder="https://github.com/username"
          type="url"
          value="https://github.com/max"
        />
        <span
          class="input__error"
        />
      </label>
      <label
        class="form__field"
      >
        <span
          class="input__placeholder"
        >
          LinkedIn:
        </span>
        <input
          class="input"
          name="linkedin"
          placeholder="https://linkedin.com/in/username"
          type="url"
          value="https://linkedin.com/in/max"
        />
        <span
          class="input__error"
        />
      </label>
      <label
        class="form__field"
      >
        <span
          class="input__placeholder"
        >
          Мой сайт:
        </span>
        <input
          class="input"
          name="mySite"
          placeholder="https://example.com"
          type="url"
          value="https://example.com"
        />
        <span
          class="input__error"
        />
      </label>
      <button
        class="button  default"
        type="submit"
      >
        Изменить профиль
      </button>
      <span
        class="adminProfileForm__errors"
      />
    </form>
  </div>
</div>
`;
